// Jest Snapshot v1, https://goo.gl/fbAQLP

exports[`MobilInput component renders correctly 1`] = `
<View
  style={
    {
      "backgroundColor": "#F3F3F3",
      "flex": 1,
      "marginBottom": "10%",
      "paddingBottom": "10%",
    }
  }
>
  <View
    style={
      {
        "backgroundColor": "#F3F3F3",
        "flex": 1,
        "marginBottom": "10%",
        "paddingBottom": "10%",
      }
    }
  >
    <RCTSafeAreaView
      style={
        {
          "alignItems": "center",
          "flex": 1,
          "justifyContent": "center",
        }
      }
    >
      <View
        style={
          [
            {
              "backgroundColor": "white",
              "flexDirection": "row",
              "width": 600,
            },
            {
              "elevation": 10,
              "shadowColor": "rgba(0,0,0,0.4)",
              "shadowOffset": {
                "height": 5,
                "width": 1,
              },
              "shadowOpacity": 0.34,
              "shadowRadius": 6.27,
            },
            {},
          ]
        }
      >
        <View
          accessibilityState={
            {
              "disabled": false,
            }
          }
          accessible={true}
          collapsable={false}
          focusable={true}
          onClick={[Function]}
          onResponderGrant={[Function]}
          onResponderMove={[Function]}
          onResponderRelease={[Function]}
          onResponderTerminate={[Function]}
          onResponderTerminationRequest={[Function]}
          onStartShouldSetResponder={[Function]}
          style={
            {
              "alignItems": "center",
              "flexDirection": "row",
              "height": "100%",
              "justifyContent": "center",
              "minWidth": 32,
              "opacity": 1,
              "width": 150,
            }
          }
        >
          <View
            style={
              {
                "alignItems": "center",
                "justifyContent": "center",
                "marginRight": 10,
                "width": 30,
              }
            }
          >
            <ActivityIndicator
              size="small"
            />
          </View>
          <Modal
            animated={true}
            animationType="slide"
            hardwareAccelerated={false}
            onDismiss={[Function]}
            onRequestClose={[Function]}
            visible={false}
          />
          <Image
            resizeMode="contain"
            source={
              {
                "uri": "data:image/png;base64,iVBORw0KGgoAAAANSUhEUgAAACAAAAAgCAYAAABzenr0AAAAi0lEQVRYR+3WuQ6AIBRE0eHL1T83FBqU5S1szdiY2NyTKcCAzU/Y3AcBXIALcIF0gRPAsehgugDEXnYQrUC88RIgfpuJ+MRrgFmILN4CjEYU4xJgFKIa1wB6Ec24FuBFiHELwIpQxa0ALUId9wAkhCnuBdQQ5ngP4I9wxXsBDyJ9m+8y/g9wAS7ABW4giBshQZji3AAAAABJRU5ErkJggg==",
              }
            }
            style={
              {
                "height": 14,
                "width": 12,
              }
            }
          />
        </View>
        <View
          style={
            [
              {
                "alignItems": "center",
                "backgroundColor": "#F8F9F9",
                "flex": 1,
                "flexDirection": "row",
                "paddingHorizontal": 30,
                "paddingVertical": 27,
                "textAlign": "left",
              },
              {},
            ]
          }
        >
          <TextInput
            autoFocus={true}
            editable={true}
            keyboardAppearance="dark"
            keyboardType="number-pad"
            onChangeText={[Function]}
            placeholder="Phone Number"
            selectionColor="black"
            style={
              [
                {
                  "color": "#000000",
                  "flex": 1,
                  "fontSize": 16,
                },
                {},
              ]
            }
            value=""
          />
        </View>
      </View>
      <View
        accessible={true}
        collapsable={false}
        focusable={true}
        onClick={[Function]}
        onResponderGrant={[Function]}
        onResponderMove={[Function]}
        onResponderRelease={[Function]}
        onResponderTerminate={[Function]}
        onResponderTerminationRequest={[Function]}
        onStartShouldSetResponder={[Function]}
        style={
          {
            "alignItems": "center",
            "backgroundColor": "#7CDB8A",
            "elevation": 10,
            "height": 50,
            "justifyContent": "center",
            "marginTop": 20,
            "opacity": 1,
            "shadowColor": "rgba(0,0,0,0.4)",
            "shadowOffset": {
              "height": 5,
              "width": 1,
            },
            "shadowOpacity": 0.34,
            "shadowRadius": 6.27,
            "width": 300,
          }
        }
      >
        <Text
          style={
            [
              {
                "textAlign": "left",
              },
              {
                "color": "rgba(28, 27, 31, 1)",
                "fontFamily": "System",
                "fontWeight": "400",
                "letterSpacing": 0,
              },
              {
                "writingDirection": "ltr",
              },
              {
                "color": "white",
                "fontSize": 14,
              },
            ]
          }
        >
          Submit
        </Text>
      </View>
    </RCTSafeAreaView>
  </View>
</View>
`;
